// Jest Snapshot v1, https://goo.gl/fbAQLP

exports[`Navbar component should match exact snapshot 1`] = `
<nav
  className="bg-gray-800"
>
  <div
    className="max-w-7xl mx-auto px-2 sm:px-6 lg:px-8"
  >
    <div
      className="relative flex items-center justify-between h-16"
    >
      <div
        className="absolute inset-y-0 left-0 flex items-center sm:hidden"
      >
        <button
          aria-expanded="false"
          aria-label="Main menu"
          className="inline-flex items-center justify-center p-2 rounded-md text-gray-400 hover:text-white hover:bg-gray-700 focus:outline-none focus:bg-gray-700 focus:text-white transition duration-150 ease-in-out"
        >
          <svg
            className="block h-6 w-6"
            fill="none"
            stroke="currentColor"
            viewBox="0 0 24 24"
            xmlns="http://www.w3.org/2000/svg"
          >
            <path
              d="M4 6h16M4 12h16M4 18h16"
              stroke-linecap="round"
              stroke-linejoin="round"
              stroke-width="2"
            />
          </svg>
          <svg
            className="hidden h-6 w-6"
            fill="none"
            stroke="currentColor"
            viewBox="0 0 24 24"
            xmlns="http://www.w3.org/2000/svg"
          >
            <path
              d="M6 18L18 6M6 6l12 12"
              stroke-linecap="round"
              stroke-linejoin="round"
              stroke-width="2"
            />
          </svg>
        </button>
      </div>
      <div
        className="flex-1 flex items-center justify-center sm:items-stretch sm:justify-start"
      >
        <div
          className="flex-shrink-0"
        >
          <img
            alt="Workflow logo"
            className="block lg:hidden h-8 w-auto"
            src="https://tailwindui.com/img/logos/workflow-mark-on-dark.svg"
          />
          <img
            alt="Workflow logo"
            className="hidden lg:block h-10 w-auto"
            src="./assets/DockterLogo.png"
          />
        </div>
        <div
          className="hidden sm:block sm:ml-6"
        >
          <div
            className="flex"
          >
            <a
              className="px-3 py-2 rounded-md text-sm font-medium leading-5 text-white bg-gray-900 focus:outline-none focus:text-white focus:bg-gray-700 transition duration-150 ease-in-out"
              href="#"
            >
              Logs
            </a>
            <a
              className="ml-4 px-3 py-2 rounded-md text-sm font-medium leading-5 text-gray-300 hover:text-white hover:bg-gray-700 focus:outline-none focus:text-white focus:bg-gray-700 transition duration-150 ease-in-out"
              href="#"
            >
              Metrics
            </a>
            <a
              className="ml-4 px-3 py-2 rounded-md text-sm font-medium leading-5 text-gray-300 hover:text-white hover:bg-gray-700 focus:outline-none focus:text-white focus:bg-gray-700 transition duration-150 ease-in-out"
              href="#"
            >
              Containers
            </a>
            <a
              className="ml-4 px-3 py-2 rounded-md text-sm font-medium leading-5 text-gray-300 hover:text-white hover:bg-gray-700 focus:outline-none focus:text-white focus:bg-gray-700 transition duration-150 ease-in-out"
              href="#"
            >
              Tasks
            </a>
          </div>
        </div>
      </div>
      <div
        className="absolute inset-y-0 right-0 flex items-center pr-2 sm:static sm:inset-auto sm:ml-6 sm:pr-0"
      >
        <button
          aria-label="Notifications"
          className="p-1 border-2 border-transparent text-gray-400 rounded-full hover:text-white focus:outline-none focus:text-white focus:bg-gray-700 transition duration-150 ease-in-out"
        >
          <svg
            className="h-6 w-6"
            fill="none"
            stroke="currentColor"
            viewBox="0 0 24 24"
            xmlns="http://www.w3.org/2000/svg"
          >
            <path
              d="M15 17h5l-1.405-1.405A2.032 2.032 0 0118 14.158V11a6.002 6.002 0 00-4-5.659V5a2 2 0 10-4 0v.341C7.67 6.165 6 8.388 6 11v3.159c0 .538-.214 1.055-.595 1.436L4 17h5m6 0v1a3 3 0 11-6 0v-1m6 0H9"
              stroke-linecap="round"
              stroke-linejoin="round"
              stroke-width="2"
            />
          </svg>
        </button>
      </div>
    </div>
  </div>
  <div
    className="hidden sm:hidden"
  >
    <div
      className="px-2 pt-2 pb-3"
    >
      <a
        className="block px-3 py-2 rounded-md text-base font-medium text-white bg-gray-900 focus:outline-none focus:text-white focus:bg-gray-700 transition duration-150 ease-in-out"
        href="#"
      >
        Dashboard
      </a>
      <a
        className="mt-1 block px-3 py-2 rounded-md text-base font-medium text-gray-300 hover:text-white hover:bg-gray-700 focus:outline-none focus:text-white focus:bg-gray-700 transition duration-150 ease-in-out"
        href="#"
      >
        Team
      </a>
      <a
        className="mt-1 block px-3 py-2 rounded-md text-base font-medium text-gray-300 hover:text-white hover:bg-gray-700 focus:outline-none focus:text-white focus:bg-gray-700 transition duration-150 ease-in-out"
        href="#"
      >
        Projects
      </a>
      <a
        className="mt-1 block px-3 py-2 rounded-md text-base font-medium text-gray-300 hover:text-white hover:bg-gray-700 focus:outline-none focus:text-white focus:bg-gray-700 transition duration-150 ease-in-out"
        href="#"
      >
        Calendar
      </a>
    </div>
  </div>
</nav>
`;
