// Jest Snapshot v1, https://goo.gl/fbAQLP

exports[`LogsTable component should match exact snapshot 1`] = `
<div
  className="flex flex-col"
>
  <div
    className="-my-2 overflow-x-auto sm:-mx-6 lg:-mx-8"
  >
    <div
      className="py-2 align-middle inline-block min-w-full sm:px-6 lg:px-8"
    >
      <div
        className="shadow overflow-hidden border-b border-gray-200 sm:rounded-lg"
      >
        <table
          className="min-w-full divide-y divide-gray-200"
        >
          <thead
            className="flex w-full"
          >
            <tr
              className="flex w-full"
            >
              <th
                className="bg-gray-100 px-6 py-3 w-56 bg-gray-50 text-left text-xs leading-4 font-medium text-gray-500 uppercase tracking-wider"
              >
                Timestamp
              </th>
              <th
                className="bg-gray-100 px-6 py-3 flex-grow bg-gray-50 text-left text-xs leading-4 font-medium text-gray-500 uppercase tracking-wider"
              >
                Log
              </th>
              <th
                className="bg-gray-100 px-6 py-3 w-1/12 bg-gray-50 text-left text-xs leading-4 font-medium text-gray-500 uppercase tracking-wider"
              >
                Container ID
              </th>
              <th
                className="bg-gray-100 px-6 py-3 w-1/12 bg-gray-50 text-left text-xs leading-4 font-medium text-gray-500 uppercase tracking-wider"
              >
                Name
              </th>
              <th
                className="bg-gray-100 px-6 py-3 w-1/12 bg-gray-50 text-left text-xs leading-4 font-medium text-gray-500 uppercase tracking-wider"
              >
                Image
              </th>
              <th
                className="bg-gray-100 px-6 py-3 w-1/12 bg-gray-50 text-left text-xs leading-4 font-medium text-gray-500 uppercase tracking-wider"
              >
                Host Port
              </th>
              <th
                className="bg-gray-100 px-6 py-3 w-1/12 bg-gray-50 text-left text-xs leading-4 font-medium text-gray-500 uppercase tracking-wider"
              >
                Stream
              </th>
            </tr>
          </thead>
          <tbody
            className="bg-white flex flex-col items-center justify-between divide-y divide-gray-200 overflow-y-scroll"
            style={
              Object {
                "height": "75vh",
              }
            }
          />
        </table>
      </div>
    </div>
  </div>
</div>
`;
